<html>
<body>
<pre>
<h1>µVision Build Log</h1>
<h2>Tool Versions:</h2>
IDE-Version: ¦ÌVision V5.36.0.0
Copyright (C) 2021 ARM Ltd and ARM Germany GmbH. All rights reserved.
License Information: chen CSHSOFT, cshsoft, LIC=WHYH9-40ZI5-126LE-5MUII-TD5AX-2SKUK
 
Tool Versions:
Toolchain:       MDK-ARM Plus  Version: 5.36.0.0
Toolchain Path:  C:\Keil_v5\ARM\ARMCC\Bin
C Compiler:      Armcc.exe V5.06 update 7 (build 960)
Assembler:       Armasm.exe V5.06 update 7 (build 960)
Linker/Locator:  ArmLink.exe V5.06 update 7 (build 960)
Library Manager: ArmAr.exe V5.06 update 7 (build 960)
Hex Converter:   FromElf.exe V5.06 update 7 (build 960)
CPU DLL:         SARMCM3.DLL V5.36.0.0
Dialog DLL:      DCM.DLL V1.17.3.0
Target DLL:      CMSIS_AGDI.dll V1.33.0.0
Dialog DLL:      TCM.DLL V1.53.0.0
 
<h2>Project:</h2>
E:\MainProjects\2021\powerwriter_advance_software_protect\samples\standard_project_mdk\stm32f103rfc6\MDK-ARM\stm32f103rfc6.uvprojx
Project File Date:  05/20/2022

<h2>Output:</h2>
*** Using Compiler 'V5.06 update 7 (build 960)', folder: 'C:\Keil_v5\ARM\ARMCC\Bin'
Build target 'stm32f103rfc6'
linking...
stm32f103rfc6\stm32f103rfc6.axf: Warning: L6969W: Changing AT Section .ARM.__at_0x08001000 type from RW to RO in ER_IROM1.
Program Size: Code=38094 RO-data=4982 RW-data=148 ZI-data=9892  
Finished: 0 information, 1 warning and 0 error messages.
FromELF: creating hex file...
After Build - User command #1: fromelf --bin -o "stm32f103rfc6\stm32f103rfc6.bin" "stm32f103rfc6\stm32f103rfc6.axf"
After Build - User command #2: ../../../../tool/advance_software_protect/Release/advance_software_protect.exe -k 0xfb90ffcb9b62c2e6 -i ./stm32f103rfc6/stm32f103rfc6.bin/ER_IROM1 -r ./stm32f103rfc6/stm32f103rfc6.bin/ER_IROM2
-----------------------------------------------------------------------------------------------------------------------
						Open source advance software protect library
	This project provides a set of universal MCU software encryption algorithm.The goal is simple, easy to use,easy 
to integrate, and does not require any additional hardware,The following are the test cases of the project, please 
select the appropriate use method, some functions need to be used together with this tool, if you have any questions,
please contact us,customer service email:cs@icworkshop.com.
team   : ICWorkshop HPT Dep Team
author : cshsoft(csh@icworkshop.com)
website: www.icworkshop.com 
tools  : www.powerwriter.cn(.com)
-----------------------------------------------------------------------------------------------------------------------
[advance software protect][debug]:	Environment:E:\MainProjects\2021\powerwriter_advance_software_protect\samples\standard_project_mdk\stm32f103rfc6\MDK-ARM
[advance software protect][debug]:	Prepare encrypted firmware...
[advance software protect][info ]:	Start address:	0x08000000
[advance software protect][info ]:	End address:	0x08009d9c
[advance software protect][info ]:	Ram code size:	0x00000b3c
[advance software protect][debug]:	search flash verify ...
[advance software protect][debug]:	flash verify enabled ...
[advance software protect][info ]:	flash verify skip verify total [3]...
[advance software protect][info ]:	flash verify skip item :	Address:0x080095CC	Size:0x24
[advance software protect][info ]:	flash verify skip item :	Address:0x08002000	Size:0x8d
[advance software protect][info ]:	flash verify skip item :	Address:0x08001000	Size:0x4
[advance software protect][debug]:	anti debugger enabled ...
[advance software protect][debug]:	search dynamic function encryption (ram code) ...
[advance software protect][debug]:	dynamic function encryption enabled ...
[advance software protect][info ]:	Ram code address:	0x20017000
[advance software protect][debug]:	search flash done ...
[advance software protect][debug]:	ram code updating ...
[advance software protect][debug]:	ram code update ok ...
[advance software protect][debug]:	Process anti debugger check ok ...
[advance software protect][debug]:	Process flash verify start ...
[advance software protect][debug]:	Process flash verify ok ...
[advance software protect][debug]:	Save to file : ./stm32f103rfc6/stm32f103rfc6.bin/ER_IROM1_ER_IROM2_encrypted.bin ...
[advance software protect][debug]:	All done ...
"stm32f103rfc6\stm32f103rfc6.axf" - 0 Error(s), 1 Warning(s).

<h2>Software Packages used:</h2>

Package Vendor: ARM
                http://www.keil.com/pack/ARM.CMSIS.5.8.0.pack
                ARM.CMSIS.5.8.0
                CMSIS (Common Microcontroller Software Interface Standard)
   * Component: CORE Version: 5.5.0

Package Vendor: Keil
                http://www.keil.com/pack/Keil.STM32F1xx_DFP.2.3.0.pack
                Keil.STM32F1xx_DFP.2.3.0
                STMicroelectronics STM32F1 Series Device Support, Drivers and Examples

<h2>Collection of Component include folders:</h2>
  .\RTE\_stm32f103rfc6
  C:\Users\CSHSOFT\AppData\Local\Arm\Packs\ARM\CMSIS\5.8.0\CMSIS\Core\Include
  C:\Users\CSHSOFT\AppData\Local\Arm\Packs\Keil\STM32F1xx_DFP\2.3.0\Device\Include

<h2>Collection of Component Files used:</h2>

   * Component: ARM::CMSIS:CORE:5.5.0
      Include file:  CMSIS\Core\Include\tz_context.h
Build Time Elapsed:  00:00:01
</pre>
</body>
</html>
